// Vitest Snapshot v1, https://vitest.dev/guide/snapshot.html

exports[`Migrate settings 1`] = `
{
  "allowMultipleInstances": false,
  "animateChain": true,
  "checkForUpdatesOnStartup": true,
  "experimentalFeatures": true,
  "favoriteNodes": [
    "chainner:image:preview",
    "chainner:image:save",
    "chainner:image:average_color_fix",
    "chainner:image:overlay",
    "chainner:image:fill_alpha",
    "chainner:pytorch:load_model",
    "chainner:pytorch:upscale_image",
    "chainner:utility:text_pattern",
    "chainner:image:load",
    "chainner:image:view",
    "chainner:utility:copy_to_clipboard",
  ],
  "hardwareAcceleration": false,
  "lastWindowSize": {
    "height": 1007,
    "maximized": false,
    "width": 1527,
  },
  "packageSettings": {
    "chaiNNer_ncnn": {
      "budget_limit": 0,
      "gpu_index": "0",
    },
    "chaiNNer_onnx": {
      "execution_provider": "CUDAExecutionProvider",
      "gpu_index": "0",
      "onnx_tensorrt_cache": "",
      "tensorrt_fp16_mode": false,
    },
    "chaiNNer_pytorch": {
      "budget_limit": 0,
      "gpu_index": "0",
      "use_cpu": false,
      "use_fp16": false,
    },
  },
  "snapToGrid": true,
  "snapToGridAmount": 16,
  "startupTemplate": "",
  "storage": {
    "lastDirectories": {
      "chainner:image:file_iterator-0": "C:\\Users\\micha\\Desktop\\detail n\\Neuer Ordner",
      "chainner:image:load-0": "C:\\Users\\micha\\Desktop",
      "chainner:image:load_image_pairs-0": "C:\\DS3TexUp\\extract\\chr",
      "chainner:image:load_image_pairs-1": "C:\\DS3TexUp",
      "chainner:image:load_images-0": "C:\\Users\\micha\\Desktop\\Irithyll",
      "chainner:image:load_video-0": "D:\\Videos\\games",
      "chainner:image:save-1": "C:\\Users\\micha\\Desktop",
      "chainner:image:save_video-1": "C:\\Users\\micha\\Desktop",
      "chainner:ncnn:load_model-0": "C:\\DS3TexUp\\Cupscale 1.39.0f1\\CupscaleData\\models\\ESRGAN",
      "chainner:ncnn:load_model-1": "C:\\DS3TexUp\\Cupscale 1.39.0f1\\CupscaleData\\models\\ESRGAN\\realesrgan-x4plus.ncnn",
      "chainner:ncnn:save_model-1": "C:\\DS3TexUp\\Cupscale 1.39.0f1\\CupscaleData\\models\\.ncnn-models\\4x_RealSR_DF2K_JPEG",
      "chainner:onnx:load_model-0": "C:\\Users\\micha\\Downloads",
      "chainner:onnx:save_model-1": "C:\\Users\\micha\\Desktop",
      "chainner:pytorch:load_data-0": "C:\\Users\\micha\\Git\\model-database\\data\\models",
      "chainner:pytorch:load_model-0": "C:\\Users\\micha\\Downloads",
      "chainner:pytorch:load_models-0": "C:\\DS3TexUp\\extract\\m31",
      "chainner:pytorch:model_file_iterator-0": "C:\\DS3TexUp\\Cupscale 1.39.0f1\\CupscaleData\\models\\ESRGAN",
      "chainner:utility:directory-0": "C:\\DS3TexUp\\extract\\chr",
    },
    "nodeSelectorCollapsed": true,
    "recent": [
      "C:\\Users\\micha\\Desktop\\chains\\tile.chn",
      "C:\\Users\\micha\\Desktop\\chains\\sliders test.chn",
      "C:\\Users\\micha\\Desktop\\chains\\test.chn",
      "C:\\Users\\micha\\Desktop\\chains\\simple-upscale.chn",
      "C:\\Users\\micha\\Desktop\\chains\\normal-pattern-add.chn",
      "C:\\Users\\micha\\Desktop\\chains\\normal.chn",
      "C:\\Users\\micha\\Desktop\\chains\\key color upscale.chn",
      "C:\\Users\\micha\\Desktop\\chains\\asdasdsadasd.chn",
      "C:\\Users\\micha\\Desktop\\chains\\_resize test.chn",
      "C:\\Users\\micha\\Desktop\\chains\\sfx-workflow.chn",
      "C:\\Users\\micha\\Desktop\\chains\\gaussian research.chn",
      "C:\\Users\\micha\\Desktop\\chains\\ds-normal-test.chn",
      "C:\\Users\\micha\\Desktop\\chains\\wood.chn",
      "C:\\Users\\micha\\Desktop\\temp.chn",
      "C:\\Users\\micha\\Desktop\\chains\\split combined lr sr.chn",
      "C:\\Users\\micha\\Desktop\\chains\\_save vid test.chn",
      "C:\\Users\\micha\\Desktop\\chains\\_bp.chn",
      "C:\\Users\\micha\\Downloads\\Batch_Upscale_Icons.chn",
      "C:\\Users\\micha\\Desktop\\chains\\crash chain.chn",
    ],
  },
  "systemPythonLocation": "",
  "theme": "dark",
  "useSystemPython": false,
  "viewportExportPadding": 20,
}
`;

exports[`Migrate settings 2`] = `
Set {
  "check-upd-on-strtup",
  "disable-hw-accel",
  "is-cpu",
  "is-fp16",
  "ncnn-gpu",
  "node-hidden",
  "node-visibility-mode-active",
  "onnx-execution-provider",
  "onnx-gpu",
  "onnx-should-tensorrt-cache",
  "onnx-should-tensorrt-fp16",
  "pytorch-gpu",
  "system-python-location",
  "use-dark-mode",
  "use-discord-rpc",
  "use-last-directory-chainner:image:file_iterator 0",
  "use-last-directory-chainner:image:load 0",
  "use-last-directory-chainner:image:save 1",
  "use-last-directory-chainner:ncnn:load_model 0",
  "use-last-directory-chainner:ncnn:load_model 1",
  "use-last-directory-chainner:onnx:load_model 0",
  "use-last-directory-chainner:onnx:save_model 1",
  "use-last-directory-chainner:pytorch:load_model 0",
  "use-last-directory-chainner:pytorch:save_model 1",
}
`;
